{"timestamp":"2026-04-23 21:47:25","event":"session_start","fix_description":"修复修音分支 inputspls 缓存污染崩溃","version":"v2_debug","session":"20260423_214725_6783"}
{"timestamp":"2026-04-23 21:47:25","session":"20260423_214725_6783","event":"memory_init","status":"success"}
{"session":"20260423_214734_2248","version":"v2_debug","fix_description":"修复修音分支 inputspls 缓存污染崩溃","event":"session_start","timestamp":"2026-04-23 21:47:34"}
{"status":"success","event":"memory_init","session":"20260423_214734_2248","timestamp":"2026-04-23 21:47:34"}
{"timestamp":"2026-04-23 21:47:40","event":"session_start","session":"20260423_214740_6124","version":"v2_debug","fix_description":"修复修音分支 inputspls 缓存污染崩溃"}
{"timestamp":"2026-04-23 21:47:40","event":"memory_init","session":"20260423_214740_6124","status":"success"}
{"timestamp":"2026-04-23 21:47:50","event":"func_dispatch","pattern_main1":"^[^%,]+%,[%a.]*$","precode":"l‸","pattern_long":"^[^%,]+%,%a*%,+%a*$","session":"20260423_214740_6124","inputCode":"l"}
{"timestamp":"2026-04-23 21:47:51","event":"func_dispatch","pattern_main1":"^[^%,]+%,[%a.]*$","precode":"lo‸","pattern_long":"^[^%,]+%,%a*%,+%a*$","session":"20260423_214740_6124","inputCode":"lo"}
{"timestamp":"2026-04-23 21:47:52","event":"func_dispatch","pattern_main1":"^[^%,]+%,[%a.]*$","precode":"loq‸","pattern_long":"^[^%,]+%,%a*%,+%a*$","session":"20260423_214740_6124","inputCode":"loq"}
{"timestamp":"2026-04-23 21:47:54","event":"func_dispatch","pattern_main1":"^[^%,]+%,[%a.]*$","precode":"loq,‸","pattern_long":"^[^%,]+%,%a*%,+%a*$","session":"20260423_214740_6124","inputCode":"loq,"}
{"timestamp":"2026-04-23 21:47:55","event":"func_dispatch","pattern_main1":"^[^%,]+%,[%a.]*$","precode":"loq,v‸","pattern_long":"^[^%,]+%,%a*%,+%a*$","session":"20260423_214740_6124","inputCode":"loq,v"}
{"timestamp":"2026-04-23 21:47:56","event":"func_dispatch","pattern_main1":"^[^%,]+%,[%a.]*$","precode":"loq,vv‸","pattern_long":"^[^%,]+%,%a*%,+%a*$","session":"20260423_214740_6124","inputCode":"loq,vv"}
{"timestamp":"2026-04-23 21:47:57","event":"func_dispatch","pattern_main1":"^[^%,]+%,[%a.]*$","precode":"loq,vv,‸","pattern_long":"^[^%,]+%,%a*%,+%a*$","session":"20260423_214740_6124","inputCode":"loq,vv,"}
{"timestamp":"2026-04-23 21:47:57","inputCode":"loq,vv,","branch":"longcandimodify","session":"20260423_214740_6124","event":"func_dispatch"}
{"timestamp":"2026-04-23 21:47:57","inputCode":"loq,vv,","precode":"loq,vv,‸","session":"20260423_214740_6124","event":"longcandimodify_start"}
{"timestamp":"2026-04-23 21:47:57","event":"get_first_candidate","cand_text":"洛奇","ftext":"洛奇","cand_type":"phrase","cand_preedit":"lo q","session":"20260423_214740_6124","step":"found"}
{"branchmark":1,"event":"parse_input_code","funccode":"","timestamp":"2026-04-23 21:47:57","ybmodif":"","session":"20260423_214740_6124","auxcode":"vv"}
{"timestamp":"2026-04-23 21:47:57","event":"process_offsets","leftcompen":0,"rightcompen":0,"inputspls":["lo","q"],"ficompensate_initial":2,"session":"20260423_214740_6124","preedit":"lo q"}
{"timestamp":"2026-04-23 21:47:57","event":"find_break_point_start","auxcode":"vv","inputCode":"loq,vv,","trigger_key":",","session":"20260423_214740_6124","passnum":0}
{"timestamp":"2026-04-23 21:47:57","event":"find_break_point_loop","index":1,"zi":"洛","session":"20260423_214740_6124","value":"lo","step":"iteration_start"}
{"timestamp":"2026-04-23 21:47:57","event":"get_syllable_aux_set","syllable_len":2,"lookup_params":{"limit":200,"predictive":false,"query":"lo"},"syllable":"lo","session":"20260423_214740_6124","step":"before_dict_lookup"}
{"timestamp":"2026-04-23 21:47:57","event":"get_syllable_aux_set","session":"20260423_214740_6124","syllable":"lo","lookup_result":"truthy","lookup_result_type":"boolean","mode":"exact","step":"dict_lookup_result"}
{"entries_with_aux":32,"event":"get_syllable_aux_set","single_char_entries":174,"step":"iter_dict_result","timestamp":"2026-04-23 21:47:57","char_list":"咯,罗,落,咯,洛,裸,啰,骆,摞,螺,络,骡,锣,萝,珞,雒,逻,蠃,烙,箩,泺,荦,捋,漯,倮,椤,瘰,猡,蓏,跞,硌,脶","session":"20260423_214740_6124","total_entries":174,"syllable":"lo"}
{"timestamp":"2026-04-23 21:47:57","event":"get_syllable_aux_set","raw_code_count":30,"step":"success","status":"success","syllable":"lo","cached":true,"session":"20260423_214740_6124","char_count":32}
{"timestamp":"2026-04-23 21:47:57","event":"find_break_point_loop","index":1,"fuset_size":49,"step":"fuset_detail","fuset_exists":true,"zi":"洛","syllable":"lo","session":"20260423_214740_6124","fuset_keys":["a","ai","c","ci","cs","d","dl","ds","e","el","f","fi","i","is","j","je","k","ki","ks","ky","l","ll","lq","ls","ly","m","ml","ms","n","ni","ns","p","py","r","rl","s","su","t","te","u","ui","uk","v","vj","y","yl","yu","z","zl"]}
{"timestamp":"2026-04-23 21:47:57","event":"find_break_point_loop","index":1,"step":"combmath_check","auxcode":"vv","matched":false,"fuset_exists":true,"session":"20260423_214740_6124","combmath_detail":"fuset[vv] = nil","syllable":"lo"}
{"timestamp":"2026-04-23 21:47:57","event":"find_break_point_loop","index":1,"step":"match_result","matchedmark_will_be":false,"auxcode":"vv","matched":false,"zi":"洛","session":"20260423_214740_6124","syllable":"lo"}
{"timestamp":"2026-04-23 21:47:57","event":"find_break_point_loop","index":2,"zi":"奇","session":"20260423_214740_6124","value":"q","step":"iteration_start"}
{"timestamp":"2026-04-23 21:47:57","event":"get_syllable_aux_set","syllable_len":1,"lookup_params":{"limit":200,"predictive":false,"query":"q"},"syllable":"q","session":"20260423_214740_6124","step":"before_dict_lookup"}
{"timestamp":"2026-04-23 21:47:57","event":"get_syllable_aux_set","session":"20260423_214740_6124","syllable":"q","lookup_result":"truthy","lookup_result_type":"boolean","mode":"exact","step":"dict_lookup_result"}
{"entries_with_aux":0,"event":"get_syllable_aux_set","single_char_entries":0,"step":"iter_dict_result","timestamp":"2026-04-23 21:47:57","char_list":"","session":"20260423_214740_6124","total_entries":0,"syllable":"q"}
{"timestamp":"2026-04-23 21:47:57","event":"get_syllable_aux_set","reason":"iter_dict returned entries but none have aux codes in aux_code table","syllable":"q","status":"failed","session":"20260423_214740_6124","step":"no_aux_codes"}
{"timestamp":"2026-04-23 21:47:57","event":"find_break_point_loop","index":2,"fuset_size":0,"step":"fuset_detail","fuset_exists":false,"zi":"奇","syllable":"q","session":"20260423_214740_6124","fuset_keys":{}}
{"timestamp":"2026-04-23 21:47:57","event":"find_break_point_loop","index":2,"step":"combmath_check","auxcode":"vv","matched":false,"fuset_exists":false,"session":"20260423_214740_6124","combmath_detail":"fuset is nil","syllable":"q"}
{"timestamp":"2026-04-23 21:47:57","event":"find_break_point_loop","index":2,"step":"match_result","matchedmark_will_be":false,"auxcode":"vv","matched":false,"zi":"奇","session":"20260423_214740_6124","syllable":"q"}
{"match_results":[{"index":1,"zi":"洛","matched":false,"fuset_exists":true,"syllable":"lo"},{"index":2,"zi":"奇","matched":false,"fuset_exists":false,"syllable":"q"}],"ficompensate":2,"timestamp":"2026-04-23 21:47:57","event":"find_break_point_end","session":"20260423_214740_6124","matchedmark":false}
{"final_text":"洛奇","event":"longcandimodify_branch","branch":"break","final_comment":"辅码无匹配","timestamp":"2026-04-23 21:47:57","ficompensate":2,"session":"20260423_214740_6124","matchedmark":false}
{"timestamp":"2026-04-23 21:47:57","event":"longcandimodify_end","session":"20260423_214740_6124","status":"completed"}
